// Jest Snapshot v1, https://goo.gl/fbAQLP

exports[`should correctly render login page 1`] = `
<div
  className="box-layout"
>
  <div
    className="box-layout__box"
  >
    <h1
      className="box-layout__title"
    >
      Compare Movie Price
    </h1>
    <p>
      Check Movie Price
    </p>
    <button
      className="button__login"
    >
      Login With Google
    </button>
  </div>
</div>
`;
